QCEW 拉取 20260920_213831  年份 2000-2019  [--check：只探测，不下载]
  2000  失败 HTTPError: HTTP Error 403: Forbidden  大小未知
  2001  失败 HTTPError: HTTP Error 403: Forbidden  大小未知
  2002  失败 HTTPError: HTTP Error 403: Forbidden  大小未知
  2003  失败 HTTPError: HTTP Error 403: Forbidden  大小未知
  2004  失败 HTTPError: HTTP Error 403: Forbidden  大小未知
  2005  失败 HTTPError: HTTP Error 403: Forbidden  大小未知
  2006  失败 HTTPError: HTTP Error 403: Forbidden  大小未知
  2007  失败 HTTPError: HTTP Error 403: Forbidden  大小未知
  2008  失败 HTTPError: HTTP Error 403: Forbidden  大小未知
  2009  失败 HTTPError: HTTP Error 403: Forbidden  大小未知
  2010  失败 HTTPError: HTTP Error 403: Forbidden  大小未知
  2011  失败 HTTPError: HTTP Error 403: Forbidden  大小未知
  2012  失败 HTTPError: HTTP Error 403: Forbidden  大小未知
  2013  失败 HTTPError: HTTP Error 403: Forbidden  大小未知
  2014  失败 HTTPError: HTTP Error 403: Forbidden  大小未知
  2015  失败 HTTPError: HTTP Error 403: Forbidden  大小未知
  2016  失败 HTTPError: HTTP Error 403: Forbidden  大小未知
  2017  失败 HTTPError: HTTP Error 403: Forbidden  大小未知
  2018  失败 HTTPError: HTTP Error 403: Forbidden  大小未知
  2019  失败 HTTPError: HTTP Error 403: Forbidden  大小未知

部分年份没拿到大小，合计不完整
产物 -> D:\git仓库\Scientific reacher practice\empirical study\data\raw\qcew
日志 -> D:\git仓库\Scientific reacher practice\empirical study\logs\02_fetch_20260920_213831.log
